// 同步 ID: ba03b76a @ Sat Jul 25 16:23:15 UTC 2026
// 同步 ID: ce9a4fce @ Sat Jul 25 18:30:00 UTC 2026
// 重构日志: b334de0e
// 重构日志: c302a67e
// 同步 ID: 626b3678 @ Sun Jul 26 08:14:13 UTC 2026
// 重构日志: c4a712d5
// 同步 ID: 92e89827 @ Sun Jul 26 17:09:32 UTC 2026
// 重构日志: 23c39282
// 重构日志: f33f2719
// 同步 ID: 89561c7d @ Tue Jul 28 11:06:49 UTC 2026
// 同步 ID: da42981f @ Wed Jul 29 09:01:18 UTC 2026
// 同步 ID: c2af413c @ Wed Jul 29 11:13:45 UTC 2026
// 重构日志: 26757582
// 重构日志: 9d037d01
// 重构日志: 4d42f931
// 重构日志: 40a1ed48
// 重构日志: d5e0b1be
// 重构日志: 29affa9d
// 同步 ID: eaa9f61b @ Sun Aug  2 10:47:45 UTC 2026
// 重构日志: 1b67f1ad
// 同步 ID: ea419c97 @ Tue Aug  4 13:19:26 UTC 2026
// 重构日志: e0e6170a
// 同步 ID: 3f15561b @ Thu Aug  6 05:16:44 UTC 2026
// 同步 ID: 09210471 @ Fri Aug  7 14:25:19 UTC 2026
// 重构日志: 487067e9
// 重构日志: 46342534
// 同步 ID: 9429d60d @ Sat Aug  8 06:14:51 UTC 2026
// 重构日志: e0d4149d
// 同步 ID: c5648d40 @ Sat Aug  8 10:21:22 UTC 2026
// 同步 ID: b698c257 @ Sat Aug  8 11:19:27 UTC 2026
